make -C ../src clean
make[1]: Entering directory '/home/anca/facultate/ANUL_2/SO/parallel_firewall/assignment-parallel-firewall/src'
rm -f ring_buffer.o producer.o consumer.o packet.o ../utils/log/log.o serial.o firewall.o
rm -f firewall serial
make[1]: Leaving directory '/home/anca/facultate/ANUL_2/SO/parallel_firewall/assignment-parallel-firewall/src'
rm -f *~
rm -rf __pycache__
rm -rf out
make -i SRC_PATH=../src
make[1]: Entering directory '/home/anca/facultate/ANUL_2/SO/parallel_firewall/assignment-parallel-firewall/tests'
make -C ../src UTILS_PATH=/home/anca/facultate/ANUL_2/SO/parallel_firewall/assignment-parallel-firewall/utils
make[2]: Entering directory '/home/anca/facultate/ANUL_2/SO/parallel_firewall/assignment-parallel-firewall/src'
cc -Wall -Wextra -ggdb -O0 -I/home/anca/facultate/ANUL_2/SO/parallel_firewall/assignment-parallel-firewall/utils  -c -o ring_buffer.o ring_buffer.c
cc -Wall -Wextra -ggdb -O0 -I/home/anca/facultate/ANUL_2/SO/parallel_firewall/assignment-parallel-firewall/utils  -c -o producer.o producer.c
cc -Wall -Wextra -ggdb -O0 -I/home/anca/facultate/ANUL_2/SO/parallel_firewall/assignment-parallel-firewall/utils  -c -o consumer.o consumer.c
cc -Wall -Wextra -ggdb -O0 -I/home/anca/facultate/ANUL_2/SO/parallel_firewall/assignment-parallel-firewall/utils  -c -o packet.o packet.c
cc -I/home/anca/facultate/ANUL_2/SO/parallel_firewall/assignment-parallel-firewall/utils -Wall -Wextra -ggdb -O0 -c -o /home/anca/facultate/ANUL_2/SO/parallel_firewall/assignment-parallel-firewall/utils/log/log.o  /home/anca/facultate/ANUL_2/SO/parallel_firewall/assignment-parallel-firewall/utils/log/log.c
cc -Wall -Wextra -ggdb -O0 -I/home/anca/facultate/ANUL_2/SO/parallel_firewall/assignment-parallel-firewall/utils  -c -o firewall.o firewall.c
cc -I/home/anca/facultate/ANUL_2/SO/parallel_firewall/assignment-parallel-firewall/utils -Wall -Wextra -ggdb -O0 -o firewall ring_buffer.o producer.o consumer.o packet.o /home/anca/facultate/ANUL_2/SO/parallel_firewall/assignment-parallel-firewall/utils/log/log.o firewall.o -lpthread
cc -Wall -Wextra -ggdb -O0 -I/home/anca/facultate/ANUL_2/SO/parallel_firewall/assignment-parallel-firewall/utils  -c -o serial.o serial.c
cc -I/home/anca/facultate/ANUL_2/SO/parallel_firewall/assignment-parallel-firewall/utils -Wall -Wextra -ggdb -O0 -o serial ring_buffer.o producer.o consumer.o packet.o /home/anca/facultate/ANUL_2/SO/parallel_firewall/assignment-parallel-firewall/utils/log/log.o serial.o -lpthread
make[2]: Leaving directory '/home/anca/facultate/ANUL_2/SO/parallel_firewall/assignment-parallel-firewall/src'
make[1]: Leaving directory '/home/anca/facultate/ANUL_2/SO/parallel_firewall/assignment-parallel-firewall/tests'
SRC_PATH=../src python3 checker.py

~~~~~~~~~~~~~~~~~~~~~~~~~~~~~~ Generating test cases ~~~~~~~~~~~~~~~~~~~~~~~~~~~
Generate ./in/test_10.in      and ./ref/test_10.ref    
Generate ./in/test_100.in     and ./ref/test_100.ref   
Generate ./in/test_1_000.in   and ./ref/test_1_000.ref 
Generate ./in/test_10_000.in  and ./ref/test_10_000.ref
Generate ./in/test_20_000.in  and ./ref/test_20_000.ref
~~~~~~~~~~~~~~~~~~~~~~~~~~~~~~ Tests cases generated ~~~~~~~~~~~~~~~~~~~~~~~~~~~

~~~~~~~~~~~~~~~~~~~~~~~~~~~~~~ Running tests ... ~~~~~~~~~~~~~~~~~~~~~~~~~~~~~~~
Test [    10 packets, sort False, 1 thread ] ...................... passed ... 3
Test [ 1,000 packets, sort False, 1 thread ] ...................... passed ... 3
Test [10,000 packets, sort False, 1 thread ] ...................... passed ... 2
Test [20,000 packets, sort False, 1 thread ] ...................... passed ... 2
Test [    10 packets, sort True , 2 threads] ...................... passed ... 5
Test [    10 packets, sort True , 4 threads] ...................... passed ... 5
Test [   100 packets, sort True , 2 threads] ...................... passed ... 5
Test [   100 packets, sort True , 4 threads] ...................... passed ... 5
Test [ 1,000 packets, sort True , 2 threads] ...................... passed ... 5
Test [ 1,000 packets, sort True , 4 threads] ...................... passed ... 5
Test (10000 packets, 2 threads) took 497748.3682 us, Test (10000 packets, 1 threads) took 595638.783 us with a speedup of 0.19666647055820527 which is below 0.2
Test [10,000 packets, sort True , 2 threads] ...................... failed ... 0
Test with 2 consumers must pass first.
Test [10,000 packets, sort True , 4 threads] ...................... failed ... 0
Test [20,000 packets, sort True , 2 threads] ...................... passed ... 5
Test [20,000 packets, sort True , 4 threads] ...................... passed ... 5
Test [ 1,000 packets, sort False, 2 threads] ...................... passed ... 5
Test (1000 packets, 4 threads) took 31541.013 us, Test (1000 packets, 2 threads) took 37088.76850000001 us with a speedup of 0.17589021316468226 which is below 0.2
Test [ 1,000 packets, sort False, 4 threads] ...................... failed ... 0
Test [10,000 packets, sort False, 2 threads] ...................... passed ... 5
Test [10,000 packets, sort False, 4 threads] ...................... passed ... 5
Test [20,000 packets, sort False, 2 threads] ...................... passed ... 5
Test [20,000 packets, sort False, 4 threads] ...................... passed ... 5

Checker:                                                                    75/100
