cd ../src/.. && checkpatch.pl -f src/*.c
No structs that should be const will be found - file '/usr/bin/const_structs.checkpatch': No such file or directory
--------------
src/consumer.c
--------------
total: 0 errors, 0 warnings, 126 lines checked

src/consumer.c has no obvious style problems and is ready for submission.
--------------
src/firewall.c
--------------
total: 0 errors, 0 warnings, 82 lines checked

src/firewall.c has no obvious style problems and is ready for submission.
------------
src/packet.c
------------
total: 0 errors, 0 warnings, 50 lines checked

src/packet.c has no obvious style problems and is ready for submission.
--------------
src/producer.c
--------------
total: 0 errors, 0 warnings, 34 lines checked

src/producer.c has no obvious style problems and is ready for submission.
-----------------
src/ring_buffer.c
-----------------
total: 0 errors, 0 warnings, 74 lines checked

src/ring_buffer.c has no obvious style problems and is ready for submission.
------------
src/serial.c
------------
total: 0 errors, 0 warnings, 48 lines checked

src/serial.c has no obvious style problems and is ready for submission.

NOTE: Ignored message types: ARRAY_SIZE AVOID_EXTERNS C99_COMMENTS EMAIL_SUBJECT ENOSYS FILE_PATH_CHANGES GIT_COMMIT_ID NEW_TYPEDEFS SYMBOLIC_PERMS
cd ../src/.. && cpplint --recursive src/
Done processing src/consumer.c
Done processing src/consumer.h
Done processing src/firewall.c
Done processing src/packet.c
Done processing src/packet.h
Done processing src/producer.c
Done processing src/producer.h
Done processing src/ring_buffer.c
Done processing src/ring_buffer.h
Done processing src/serial.c
cd ../src/.. && shellcheck tests/*.sh
# All tests/*.py are checker related
# -cd ../src/.. && pylint tests/*.py
